2025-12-11 21:44:05 | INFO     | - | src.core.loggings.setup:setup_logging:237 | Logging configured: level=INFO, json_format=True, log_dir=/Users/phuocbt/Documents/projects/timima/logs, backup_days=30
2025-12-11 21:44:06 | INFO     | - | src.core.loggings.setup:setup_logging:237 | Logging configured: level=INFO, json_format=True, log_dir=/Users/phuocbt/Documents/projects/timima/logs, backup_days=30
2025-12-11 21:44:06 | INFO     | - | src.core.loggings.setup:setup_logging:237 | Logging configured: level=INFO, json_format=True, log_dir=/Users/phuocbt/Documents/projects/timima/logs, backup_days=30
2025-12-11 21:44:06 | INFO     | - | src.app:lifespan:14 | Application starting up...
2025-12-11 21:44:06 | INFO     | - | src.app:lifespan:15 | Environment: development
2025-12-11 21:44:06 | INFO     | - | src.app:lifespan:16 | Timezone: Asia/Tokyo
2025-12-11 21:44:06 | INFO     | - | src.app:lifespan:17 | Database: postgres:5432/timima
2025-12-11 21:44:06 | INFO     | - | watchfiles.main:_log_changes:308 | 1 change detected
2025-12-11 21:45:26 | INFO     | - | watchfiles.main:_log_changes:308 | 1 change detected
2025-12-11 21:45:26 | INFO     | - | src.app:lifespan:22 | Application shutting down...
2025-12-11 21:45:27 | INFO     | - | watchfiles.main:_log_changes:308 | 5 changes detected
2025-12-11 21:45:27 | INFO     | - | src.core.loggings.setup:setup_logging:237 | Logging configured: level=INFO, json_format=True, log_dir=/Users/phuocbt/Documents/projects/timima/logs, backup_days=30
2025-12-11 21:45:28 | INFO     | - | watchfiles.main:_log_changes:308 | 1 change detected
2025-12-11 21:45:28 | INFO     | - | src.app:lifespan:21 | Application shutting down...
2025-12-11 21:45:29 | INFO     | - | watchfiles.main:_log_changes:308 | 5 changes detected
2025-12-11 21:45:29 | INFO     | - | src.core.loggings.setup:setup_logging:237 | Logging configured: level=INFO, json_format=True, log_dir=/Users/phuocbt/Documents/projects/timima/logs, backup_days=30
2025-12-11 21:45:50 | INFO     | - | watchfiles.main:_log_changes:308 | 1 change detected
2025-12-11 21:45:50 | INFO     | - | src.app:lifespan:20 | Application shutting down...
2025-12-11 21:45:50 | INFO     | - | watchfiles.main:_log_changes:308 | 5 changes detected
2025-12-11 21:45:51 | INFO     | - | src.core.loggings.setup:setup_logging:237 | Logging configured: level=INFO, json_format=True, log_dir=/Users/phuocbt/Documents/projects/timima/logs, backup_days=30
2025-12-11 21:46:00 | INFO     | - | watchfiles.main:_log_changes:308 | 1 change detected
2025-12-11 21:46:00 | INFO     | - | src.app:lifespan:20 | Application shutting down...
2025-12-11 21:46:01 | INFO     | - | watchfiles.main:_log_changes:308 | 4 changes detected
2025-12-11 21:46:01 | INFO     | - | src.core.loggings.setup:setup_logging:237 | Logging configured: level=INFO, json_format=True, log_dir=/Users/phuocbt/Documents/projects/timima/logs, backup_days=30
2025-12-11 21:46:01 | INFO     | - | watchfiles.main:_log_changes:308 | 1 change detected
2025-12-11 21:46:01 | INFO     | - | src.app:lifespan:17 | Application shutting down...
2025-12-11 21:46:02 | INFO     | - | watchfiles.main:_log_changes:308 | 5 changes detected
2025-12-11 21:46:02 | INFO     | - | src.core.loggings.setup:setup_logging:237 | Logging configured: level=INFO, json_format=True, log_dir=/Users/phuocbt/Documents/projects/timima/logs, backup_days=30
2025-12-11 21:46:08 | INFO     | - | watchfiles.main:_log_changes:308 | 1 change detected
2025-12-11 21:46:08 | INFO     | - | src.app:lifespan:17 | Application shutting down...
2025-12-11 21:46:08 | INFO     | - | watchfiles.main:_log_changes:308 | 2 changes detected
2025-12-11 21:46:09 | INFO     | - | src.core.loggings.setup:setup_logging:237 | Logging configured: level=INFO, json_format=True, log_dir=/Users/phuocbt/Documents/projects/timima/logs, backup_days=30
2025-12-11 21:46:09 | INFO     | - | watchfiles.main:_log_changes:308 | 3 changes detected
2025-12-11 21:46:13 | INFO     | - | watchfiles.main:_log_changes:308 | 3 changes detected
2025-12-11 21:46:29 | INFO     | - | watchfiles.main:_log_changes:308 | 1 change detected
2025-12-11 21:46:29 | INFO     | - | src.app:lifespan:17 | Application shutting down...
2025-12-11 21:46:29 | INFO     | - | watchfiles.main:_log_changes:308 | 2 changes detected
2025-12-11 21:46:30 | INFO     | - | watchfiles.main:_log_changes:308 | 3 changes detected
2025-12-11 21:47:07 | INFO     | - | watchfiles.main:_log_changes:308 | 1 change detected
2025-12-11 21:47:07 | INFO     | - | src.app:lifespan:17 | Application shutting down...
2025-12-11 21:47:07 | INFO     | - | watchfiles.main:_log_changes:308 | 2 changes detected
2025-12-11 21:47:08 | INFO     | - | watchfiles.main:_log_changes:308 | 3 changes detected
2025-12-11 21:47:26 | INFO     | - | watchfiles.main:_log_changes:308 | 1 change detected
2025-12-11 21:47:26 | INFO     | - | src.app:lifespan:17 | Application shutting down...
2025-12-11 21:47:26 | INFO     | - | watchfiles.main:_log_changes:308 | 2 changes detected
2025-12-11 21:47:27 | INFO     | - | watchfiles.main:_log_changes:308 | 3 changes detected
2025-12-11 21:47:49 | INFO     | - | watchfiles.main:_log_changes:308 | 1 change detected
2025-12-11 21:47:49 | INFO     | - | src.app:lifespan:17 | Application shutting down...
2025-12-11 21:47:50 | INFO     | - | watchfiles.main:_log_changes:308 | 2 changes detected
2025-12-11 21:47:50 | INFO     | - | watchfiles.main:_log_changes:308 | 3 changes detected
2025-12-11 21:48:08 | INFO     | - | watchfiles.main:_log_changes:308 | 1 change detected
2025-12-11 21:53:08 | INFO     | - | watchfiles.main:_log_changes:308 | 3 changes detected
2025-12-11 21:53:18 | INFO     | - | watchfiles.main:_log_changes:308 | 1 change detected
2025-12-11 21:53:18 | INFO     | - | src.app:lifespan:17 | Application shutting down...
2025-12-11 21:53:18 | INFO     | - | watchfiles.main:_log_changes:308 | 1 change detected
2025-12-11 21:53:31 | INFO     | - | watchfiles.main:_log_changes:308 | 1 change detected
2025-12-11 21:53:31 | INFO     | - | src.app:lifespan:17 | Application shutting down...
2025-12-11 21:53:31 | INFO     | - | watchfiles.main:_log_changes:308 | 2 changes detected
2025-12-11 21:55:31 | INFO     | - | watchfiles.main:_log_changes:308 | 1 change detected
2025-12-11 21:55:31 | INFO     | - | src.app:lifespan:17 | Application shutting down...
2025-12-11 21:55:31 | INFO     | - | watchfiles.main:_log_changes:308 | 2 changes detected
2025-12-11 21:55:37 | INFO     | - | watchfiles.main:_log_changes:308 | 1 change detected
2025-12-11 21:55:37 | INFO     | - | src.app:lifespan:17 | Application shutting down...
2025-12-11 21:55:38 | INFO     | - | watchfiles.main:_log_changes:308 | 2 changes detected
2025-12-11 21:55:40 | INFO     | - | watchfiles.main:_log_changes:308 | 1 change detected
2025-12-11 21:55:40 | INFO     | - | src.app:lifespan:17 | Application shutting down...
2025-12-11 21:55:41 | INFO     | - | watchfiles.main:_log_changes:308 | 2 changes detected
2025-12-11 21:55:43 | INFO     | - | watchfiles.main:_log_changes:308 | 1 change detected
2025-12-11 21:55:43 | INFO     | - | src.app:lifespan:17 | Application shutting down...
2025-12-11 21:55:44 | INFO     | - | watchfiles.main:_log_changes:308 | 2 changes detected
2025-12-11 21:56:08 | INFO     | - | watchfiles.main:_log_changes:308 | 3 changes detected
2025-12-11 21:56:19 | INFO     | - | watchfiles.main:_log_changes:308 | 1 change detected
2025-12-11 21:56:44 | INFO     | - | watchfiles.main:_log_changes:308 | 2 changes detected
2025-12-11 21:57:02 | INFO     | - | watchfiles.main:_log_changes:308 | 1 change detected
2025-12-11 21:57:03 | INFO     | - | src.app:lifespan:17 | Application shutting down...
2025-12-11 21:57:03 | INFO     | - | watchfiles.main:_log_changes:308 | 1 change detected
2025-12-11 22:02:21 | INFO     | - | watchfiles.main:_log_changes:308 | 3 changes detected
2025-12-11 22:05:21 | INFO     | - | watchfiles.main:_log_changes:308 | 3 changes detected
2025-12-11 22:05:33 | INFO     | - | watchfiles.main:_log_changes:308 | 1 change detected
2025-12-11 22:05:33 | INFO     | - | src.app:lifespan:17 | Application shutting down...
2025-12-11 22:05:34 | INFO     | - | watchfiles.main:_log_changes:308 | 1 change detected
2025-12-11 22:06:13 | INFO     | - | watchfiles.main:_log_changes:308 | 1 change detected
2025-12-11 22:06:13 | INFO     | - | src.app:lifespan:17 | Application shutting down...
2025-12-11 22:06:14 | INFO     | - | watchfiles.main:_log_changes:308 | 2 changes detected
2025-12-11 22:06:27 | INFO     | - | watchfiles.main:_log_changes:308 | 1 change detected
2025-12-11 22:06:28 | INFO     | - | src.app:lifespan:17 | Application shutting down...
2025-12-11 22:06:28 | INFO     | - | watchfiles.main:_log_changes:308 | 2 changes detected
2025-12-11 22:06:29 | INFO     | - | watchfiles.main:_log_changes:308 | 1 change detected
2025-12-11 22:06:29 | INFO     | - | src.app:lifespan:17 | Application shutting down...
2025-12-11 22:06:30 | INFO     | - | watchfiles.main:_log_changes:308 | 2 changes detected
2025-12-11 22:06:40 | INFO     | - | watchfiles.main:_log_changes:308 | 1 change detected
2025-12-11 22:06:40 | INFO     | - | src.app:lifespan:17 | Application shutting down...
2025-12-11 22:06:40 | INFO     | - | watchfiles.main:_log_changes:308 | 1 change detected
2025-12-11 22:06:42 | INFO     | - | watchfiles.main:_log_changes:308 | 1 change detected
2025-12-11 22:06:42 | INFO     | - | src.app:lifespan:17 | Application shutting down...
2025-12-11 22:06:42 | INFO     | - | watchfiles.main:_log_changes:308 | 2 changes detected
2025-12-11 22:07:02 | INFO     | - | watchfiles.main:_log_changes:308 | 1 change detected
2025-12-11 22:07:02 | INFO     | - | src.app:lifespan:17 | Application shutting down...
2025-12-11 22:07:03 | INFO     | - | watchfiles.main:_log_changes:308 | 2 changes detected
2025-12-11 22:07:27 | INFO     | - | watchfiles.main:_log_changes:308 | 1 change detected
2025-12-11 22:07:27 | INFO     | - | src.app:lifespan:17 | Application shutting down...
2025-12-11 22:07:27 | INFO     | - | watchfiles.main:_log_changes:308 | 2 changes detected
2025-12-11 22:07:28 | INFO     | - | watchfiles.main:_log_changes:308 | 6 changes detected
2025-12-11 22:08:27 | INFO     | - | watchfiles.main:_log_changes:308 | 3 changes detected
2025-12-11 22:08:40 | INFO     | - | watchfiles.main:_log_changes:308 | 1 change detected
2025-12-11 22:08:40 | INFO     | - | watchfiles.main:_log_changes:308 | 1 change detected
2025-12-11 22:08:41 | INFO     | - | watchfiles.main:_log_changes:308 | 3 changes detected
2025-12-11 22:10:56 | INFO     | - | watchfiles.main:_log_changes:308 | 1 change detected
2025-12-11 22:11:06 | INFO     | - | watchfiles.main:_log_changes:308 | 1 change detected
2025-12-11 22:11:07 | INFO     | - | watchfiles.main:_log_changes:308 | 1 change detected
2025-12-11 22:11:22 | INFO     | - | watchfiles.main:_log_changes:308 | 1 change detected
2025-12-11 22:11:22 | INFO     | - | watchfiles.main:_log_changes:308 | 1 change detected
2025-12-11 22:11:30 | INFO     | - | watchfiles.main:_log_changes:308 | 1 change detected
2025-12-11 22:11:31 | INFO     | - | watchfiles.main:_log_changes:308 | 3 changes detected
2025-12-11 22:11:37 | INFO     | - | watchfiles.main:_log_changes:308 | 3 changes detected
2025-12-11 22:11:45 | INFO     | - | watchfiles.main:_log_changes:308 | 1 change detected
2025-12-11 22:11:45 | INFO     | - | src.app:lifespan:17 | Application shutting down...
2025-12-11 22:11:45 | INFO     | - | watchfiles.main:_log_changes:308 | 1 change detected
2025-12-11 22:11:45 | INFO     | - | watchfiles.main:_log_changes:308 | 3 changes detected
2025-12-11 22:11:47 | INFO     | - | watchfiles.main:_log_changes:308 | 1 change detected
2025-12-11 22:11:48 | INFO     | - | src.app:lifespan:17 | Application shutting down...
2025-12-11 22:11:48 | INFO     | - | watchfiles.main:_log_changes:308 | 2 changes detected
2025-12-11 22:12:03 | INFO     | - | watchfiles.main:_log_changes:308 | 1 change detected
2025-12-11 22:12:03 | INFO     | - | src.app:lifespan:17 | Application shutting down...
2025-12-11 22:12:04 | INFO     | - | watchfiles.main:_log_changes:308 | 2 changes detected
2025-12-11 22:12:04 | INFO     | - | watchfiles.main:_log_changes:308 | 3 changes detected
2025-12-11 22:12:05 | INFO     | - | watchfiles.main:_log_changes:308 | 1 change detected
2025-12-11 22:12:05 | INFO     | - | src.app:lifespan:17 | Application shutting down...
2025-12-11 22:12:06 | INFO     | - | watchfiles.main:_log_changes:308 | 2 changes detected
2025-12-11 22:12:06 | INFO     | - | watchfiles.main:_log_changes:308 | 3 changes detected
2025-12-11 22:12:13 | INFO     | - | watchfiles.main:_log_changes:308 | 1 change detected
2025-12-11 22:12:14 | INFO     | - | src.app:lifespan:17 | Application shutting down...
2025-12-11 22:12:14 | INFO     | - | watchfiles.main:_log_changes:308 | 2 changes detected
2025-12-11 22:12:15 | INFO     | - | watchfiles.main:_log_changes:308 | 3 changes detected
2025-12-11 22:12:22 | INFO     | - | watchfiles.main:_log_changes:308 | 1 change detected
2025-12-11 22:12:22 | INFO     | - | src.app:lifespan:17 | Application shutting down...
2025-12-11 22:12:22 | INFO     | - | watchfiles.main:_log_changes:308 | 2 changes detected
2025-12-11 22:12:23 | INFO     | - | watchfiles.main:_log_changes:308 | 3 changes detected
2025-12-11 22:12:25 | INFO     | - | watchfiles.main:_log_changes:308 | 1 change detected
2025-12-11 22:12:25 | INFO     | - | src.app:lifespan:17 | Application shutting down...
2025-12-11 22:12:25 | INFO     | - | watchfiles.main:_log_changes:308 | 2 changes detected
2025-12-11 22:12:26 | INFO     | - | watchfiles.main:_log_changes:308 | 3 changes detected
2025-12-11 22:12:30 | INFO     | - | watchfiles.main:_log_changes:308 | 1 change detected
2025-12-11 22:12:30 | INFO     | - | src.app:lifespan:17 | Application shutting down...
2025-12-11 22:12:30 | INFO     | - | watchfiles.main:_log_changes:308 | 2 changes detected
2025-12-11 22:12:31 | INFO     | - | watchfiles.main:_log_changes:308 | 3 changes detected
2025-12-11 22:14:17 | INFO     | - | watchfiles.main:_log_changes:308 | 1 change detected
2025-12-11 22:14:17 | INFO     | - | src.app:lifespan:17 | Application shutting down...
2025-12-11 22:14:18 | INFO     | - | watchfiles.main:_log_changes:308 | 2 changes detected
2025-12-11 22:14:21 | INFO     | - | watchfiles.main:_log_changes:308 | 1 change detected
2025-12-11 22:14:22 | INFO     | - | src.app:lifespan:17 | Application shutting down...
2025-12-11 22:14:22 | INFO     | - | watchfiles.main:_log_changes:308 | 2 changes detected
2025-12-11 22:14:37 | INFO     | - | watchfiles.main:_log_changes:308 | 3 changes detected
2025-12-11 22:15:03 | INFO     | - | watchfiles.main:_log_changes:308 | 1 change detected
2025-12-11 22:15:04 | INFO     | - | src.app:lifespan:17 | Application shutting down...
2025-12-11 22:15:04 | INFO     | - | watchfiles.main:_log_changes:308 | 2 changes detected
2025-12-11 22:17:37 | INFO     | - | watchfiles.main:_log_changes:308 | 3 changes detected
2025-12-11 22:17:54 | INFO     | - | watchfiles.main:_log_changes:308 | 1 change detected
2025-12-11 22:17:54 | INFO     | - | src.app:lifespan:17 | Application shutting down...
2025-12-11 22:17:54 | INFO     | - | watchfiles.main:_log_changes:308 | 2 changes detected
2025-12-11 22:18:02 | INFO     | - | watchfiles.main:_log_changes:308 | 1 change detected
2025-12-11 22:18:03 | INFO     | - | src.app:lifespan:17 | Application shutting down...
2025-12-11 22:18:03 | INFO     | - | watchfiles.main:_log_changes:308 | 2 changes detected
2025-12-11 22:18:38 | INFO     | - | watchfiles.main:_log_changes:308 | 1 change detected
2025-12-11 22:18:38 | INFO     | - | src.app:lifespan:17 | Application shutting down...
2025-12-11 22:18:39 | INFO     | - | watchfiles.main:_log_changes:308 | 2 changes detected
2025-12-11 22:18:39 | INFO     | - | watchfiles.main:_log_changes:308 | 3 changes detected
2025-12-11 22:19:49 | INFO     | - | watchfiles.main:_log_changes:308 | 1 change detected
2025-12-11 22:19:49 | INFO     | - | src.app:lifespan:17 | Application shutting down...
2025-12-11 22:19:49 | INFO     | - | watchfiles.main:_log_changes:308 | 1 change detected
2025-12-11 22:19:50 | INFO     | - | watchfiles.main:_log_changes:308 | 1 change detected
2025-12-11 22:19:51 | INFO     | - | src.app:lifespan:17 | Application shutting down...
2025-12-11 22:19:51 | INFO     | - | watchfiles.main:_log_changes:308 | 2 changes detected
2025-12-11 22:20:34 | INFO     | - | watchfiles.main:_log_changes:308 | 1 change detected
2025-12-11 22:20:34 | INFO     | - | src.app:lifespan:17 | Application shutting down...
2025-12-11 22:20:34 | INFO     | - | watchfiles.main:_log_changes:308 | 2 changes detected
2025-12-11 22:20:37 | INFO     | - | watchfiles.main:_log_changes:308 | 3 changes detected
2025-12-11 22:21:04 | INFO     | - | watchfiles.main:_log_changes:308 | 1 change detected
2025-12-11 22:21:04 | INFO     | - | src.app:lifespan:17 | Application shutting down...
2025-12-11 22:21:05 | INFO     | - | watchfiles.main:_log_changes:308 | 1 change detected
2025-12-11 22:22:12 | INFO     | - | watchfiles.main:_log_changes:308 | 1 change detected
2025-12-11 22:22:12 | INFO     | - | src.app:lifespan:17 | Application shutting down...
2025-12-11 22:22:13 | INFO     | - | watchfiles.main:_log_changes:308 | 2 changes detected
2025-12-11 22:22:38 | INFO     | - | watchfiles.main:_log_changes:308 | 1 change detected
2025-12-11 22:22:38 | INFO     | - | src.app:lifespan:17 | Application shutting down...
2025-12-11 22:22:38 | INFO     | - | watchfiles.main:_log_changes:308 | 2 changes detected
2025-12-11 22:22:45 | INFO     | - | watchfiles.main:_log_changes:308 | 1 change detected
2025-12-11 22:22:45 | INFO     | - | src.app:lifespan:17 | Application shutting down...
2025-12-11 22:22:45 | INFO     | - | watchfiles.main:_log_changes:308 | 2 changes detected
2025-12-11 22:23:37 | INFO     | - | watchfiles.main:_log_changes:308 | 3 changes detected
2025-12-11 22:24:10 | INFO     | - | watchfiles.main:_log_changes:308 | 1 change detected
2025-12-11 22:24:10 | INFO     | - | src.app:lifespan:17 | Application shutting down...
2025-12-11 22:24:10 | INFO     | - | watchfiles.main:_log_changes:308 | 1 change detected
2025-12-11 22:24:17 | INFO     | - | watchfiles.main:_log_changes:308 | 1 change detected
2025-12-11 22:24:17 | INFO     | - | src.app:lifespan:17 | Application shutting down...
2025-12-11 22:24:17 | INFO     | - | watchfiles.main:_log_changes:308 | 1 change detected
2025-12-11 22:24:18 | INFO     | - | watchfiles.main:_log_changes:308 | 1 change detected
2025-12-11 22:24:19 | INFO     | - | src.app:lifespan:17 | Application shutting down...
2025-12-11 22:24:19 | INFO     | - | watchfiles.main:_log_changes:308 | 1 change detected
2025-12-11 22:24:27 | INFO     | - | watchfiles.main:_log_changes:308 | 1 change detected
2025-12-11 22:24:27 | INFO     | - | src.app:lifespan:17 | Application shutting down...
2025-12-11 22:24:27 | INFO     | - | watchfiles.main:_log_changes:308 | 1 change detected
2025-12-11 22:24:30 | INFO     | - | watchfiles.main:_log_changes:308 | 1 change detected
2025-12-11 22:24:30 | INFO     | - | src.app:lifespan:17 | Application shutting down...
2025-12-11 22:24:31 | INFO     | - | watchfiles.main:_log_changes:308 | 1 change detected
2025-12-11 22:24:49 | INFO     | - | watchfiles.main:_log_changes:308 | 1 change detected
2025-12-11 22:24:50 | INFO     | - | src.app:lifespan:17 | Application shutting down...
2025-12-11 22:24:50 | INFO     | - | watchfiles.main:_log_changes:308 | 1 change detected
2025-12-11 22:24:51 | INFO     | - | watchfiles.main:_log_changes:308 | 1 change detected
2025-12-11 22:24:51 | INFO     | - | src.app:lifespan:17 | Application shutting down...
2025-12-11 22:24:52 | INFO     | - | watchfiles.main:_log_changes:308 | 1 change detected
2025-12-11 22:25:18 | INFO     | - | watchfiles.main:_log_changes:308 | 4 changes detected
2025-12-11 22:25:18 | INFO     | - | src.app:lifespan:17 | Application shutting down...
2025-12-11 22:25:19 | INFO     | - | watchfiles.main:_log_changes:308 | 1 change detected
2025-12-11 22:25:39 | INFO     | - | watchfiles.main:_log_changes:308 | 1 change detected
2025-12-11 22:25:39 | INFO     | - | src.app:lifespan:17 | Application shutting down...
2025-12-11 22:25:40 | INFO     | - | watchfiles.main:_log_changes:308 | 1 change detected
2025-12-11 22:26:37 | INFO     | - | watchfiles.main:_log_changes:308 | 3 changes detected
2025-12-11 22:28:39 | INFO     | - | watchfiles.main:_log_changes:308 | 1 change detected
2025-12-11 22:28:48 | INFO     | - | watchfiles.main:_log_changes:308 | 1 change detected
2025-12-11 22:30:33 | INFO     | - | watchfiles.main:_log_changes:308 | 3 changes detected
2025-12-11 22:30:41 | INFO     | - | watchfiles.main:_log_changes:308 | 1 change detected
2025-12-11 22:30:41 | INFO     | - | watchfiles.main:_log_changes:308 | 1 change detected
2025-12-11 22:30:46 | INFO     | - | watchfiles.main:_log_changes:308 | 1 change detected
2025-12-11 22:33:33 | INFO     | - | watchfiles.main:_log_changes:308 | 3 changes detected
2025-12-11 22:34:38 | INFO     | - | watchfiles.main:_log_changes:308 | 1 change detected
2025-12-11 22:34:57 | INFO     | - | watchfiles.main:_log_changes:308 | 1 change detected
2025-12-11 22:36:22 | INFO     | - | watchfiles.main:_log_changes:308 | 1 change detected
2025-12-11 22:36:32 | INFO     | - | watchfiles.main:_log_changes:308 | 1 change detected
2025-12-11 22:36:32 | INFO     | - | watchfiles.main:_log_changes:308 | 1 change detected
2025-12-11 22:36:33 | INFO     | - | watchfiles.main:_log_changes:308 | 3 changes detected
2025-12-11 22:38:52 | INFO     | - | watchfiles.main:_log_changes:308 | 1 change detected
2025-12-11 22:38:53 | INFO     | - | watchfiles.main:_log_changes:308 | 1 change detected
2025-12-11 22:39:25 | INFO     | - | watchfiles.main:_log_changes:308 | 1 change detected
2025-12-11 22:39:25 | INFO     | - | watchfiles.main:_log_changes:308 | 1 change detected
2025-12-11 22:39:33 | INFO     | - | watchfiles.main:_log_changes:308 | 1 change detected
2025-12-11 22:39:33 | INFO     | - | watchfiles.main:_log_changes:308 | 1 change detected
2025-12-11 22:39:35 | INFO     | - | watchfiles.main:_log_changes:308 | 3 changes detected
2025-12-11 22:39:50 | INFO     | - | watchfiles.main:_log_changes:308 | 1 change detected
2025-12-11 22:42:35 | INFO     | - | watchfiles.main:_log_changes:308 | 3 changes detected
2025-12-11 22:45:35 | INFO     | - | watchfiles.main:_log_changes:308 | 3 changes detected
2025-12-11 22:48:35 | INFO     | - | watchfiles.main:_log_changes:308 | 3 changes detected
2025-12-11 23:18:08 | INFO     | - | watchfiles.main:_log_changes:308 | 3 changes detected
2025-12-11 23:20:37 | INFO     | - | watchfiles.main:_log_changes:308 | 1 change detected
2025-12-11 23:20:37 | INFO     | - | watchfiles.main:_log_changes:308 | 1 change detected
2025-12-11 23:20:45 | INFO     | - | watchfiles.main:_log_changes:308 | 1 change detected
2025-12-11 23:20:45 | INFO     | - | watchfiles.main:_log_changes:308 | 1 change detected
2025-12-11 23:20:55 | INFO     | - | watchfiles.main:_log_changes:308 | 1 change detected
2025-12-11 23:20:56 | INFO     | - | watchfiles.main:_log_changes:308 | 1 change detected
2025-12-11 23:21:03 | INFO     | - | watchfiles.main:_log_changes:308 | 1 change detected
2025-12-11 23:21:03 | INFO     | - | watchfiles.main:_log_changes:308 | 1 change detected
2025-12-11 23:21:08 | INFO     | - | watchfiles.main:_log_changes:308 | 3 changes detected
2025-12-11 23:21:16 | INFO     | - | watchfiles.main:_log_changes:308 | 1 change detected
2025-12-11 23:21:16 | INFO     | - | watchfiles.main:_log_changes:308 | 1 change detected
2025-12-11 23:21:27 | INFO     | - | watchfiles.main:_log_changes:308 | 1 change detected
2025-12-11 23:21:28 | INFO     | - | watchfiles.main:_log_changes:308 | 1 change detected
2025-12-11 23:21:59 | INFO     | - | watchfiles.main:_log_changes:308 | 1 change detected
2025-12-11 23:21:59 | INFO     | - | watchfiles.main:_log_changes:308 | 1 change detected
2025-12-11 23:22:17 | INFO     | - | watchfiles.main:_log_changes:308 | 1 change detected
2025-12-11 23:22:17 | INFO     | - | watchfiles.main:_log_changes:308 | 3 changes detected
2025-12-11 23:22:22 | INFO     | - | watchfiles.main:_log_changes:308 | 1 change detected
2025-12-11 23:22:23 | INFO     | - | watchfiles.main:_log_changes:308 | 3 changes detected
2025-12-11 23:23:09 | INFO     | - | watchfiles.main:_log_changes:308 | 1 change detected
2025-12-11 23:23:10 | INFO     | - | watchfiles.main:_log_changes:308 | 4 changes detected
2025-12-11 23:23:49 | INFO     | - | watchfiles.main:_log_changes:308 | 1 change detected
2025-12-11 23:23:50 | INFO     | - | watchfiles.main:_log_changes:308 | 3 changes detected
2025-12-11 23:24:02 | INFO     | - | watchfiles.main:_log_changes:308 | 1 change detected
2025-12-11 23:24:03 | INFO     | - | watchfiles.main:_log_changes:308 | 1 change detected
2025-12-11 23:24:08 | INFO     | - | watchfiles.main:_log_changes:308 | 3 changes detected
2025-12-11 23:24:17 | INFO     | - | watchfiles.main:_log_changes:308 | 1 change detected
2025-12-11 23:24:18 | INFO     | - | watchfiles.main:_log_changes:308 | 4 changes detected
2025-12-11 23:24:27 | INFO     | - | watchfiles.main:_log_changes:308 | 1 change detected
2025-12-11 23:24:27 | INFO     | - | watchfiles.main:_log_changes:308 | 3 changes detected
2025-12-11 23:24:39 | INFO     | - | watchfiles.main:_log_changes:308 | 1 change detected
2025-12-11 23:24:39 | INFO     | - | watchfiles.main:_log_changes:308 | 3 changes detected
2025-12-11 23:24:44 | INFO     | - | watchfiles.main:_log_changes:308 | 1 change detected
2025-12-11 23:24:44 | INFO     | - | watchfiles.main:_log_changes:308 | 3 changes detected
2025-12-11 23:25:06 | INFO     | - | watchfiles.main:_log_changes:308 | 1 change detected
2025-12-11 23:25:11 | INFO     | - | watchfiles.main:_log_changes:308 | 1 change detected
2025-12-11 23:25:51 | INFO     | - | watchfiles.main:_log_changes:308 | 1 change detected
2025-12-11 23:25:52 | INFO     | - | watchfiles.main:_log_changes:308 | 1 change detected
2025-12-11 23:26:12 | INFO     | - | watchfiles.main:_log_changes:308 | 1 change detected
2025-12-11 23:26:13 | INFO     | - | watchfiles.main:_log_changes:308 | 1 change detected
2025-12-11 23:26:13 | INFO     | - | watchfiles.main:_log_changes:308 | 19 changes detected
2025-12-11 23:26:22 | INFO     | - | watchfiles.main:_log_changes:308 | 1 change detected
2025-12-11 23:26:23 | INFO     | - | watchfiles.main:_log_changes:308 | 3 changes detected
2025-12-11 23:27:08 | INFO     | - | watchfiles.main:_log_changes:308 | 3 changes detected
2025-12-11 23:28:23 | INFO     | - | watchfiles.main:_log_changes:308 | 1 change detected
2025-12-11 23:28:23 | INFO     | - | src.app:lifespan:18 | Application shutting down...
2025-12-11 23:28:24 | INFO     | - | watchfiles.main:_log_changes:308 | 2 changes detected
2025-12-11 23:28:24 | INFO     | - | watchfiles.main:_log_changes:308 | 6 changes detected
2025-12-11 23:28:27 | INFO     | - | watchfiles.main:_log_changes:308 | 1 change detected
2025-12-11 23:28:27 | INFO     | - | src.app:lifespan:18 | Application shutting down...
2025-12-11 23:28:28 | INFO     | - | watchfiles.main:_log_changes:308 | 1 change detected
2025-12-11 23:28:28 | INFO     | - | watchfiles.main:_log_changes:308 | 3 changes detected
2025-12-11 23:29:12 | INFO     | - | watchfiles.main:_log_changes:308 | 1 change detected
2025-12-11 23:29:13 | INFO     | - | src.app:lifespan:18 | Application shutting down...
2025-12-11 23:29:13 | INFO     | - | watchfiles.main:_log_changes:308 | 5 changes detected
2025-12-11 23:30:10 | INFO     | - | watchfiles.main:_log_changes:308 | 3 changes detected
2025-12-11 23:31:19 | INFO     | - | watchfiles.main:_log_changes:308 | 1 change detected
2025-12-11 23:31:19 | INFO     | - | src.app:lifespan:18 | Application shutting down...
2025-12-11 23:31:20 | INFO     | - | watchfiles.main:_log_changes:308 | 1 change detected
2025-12-11 23:33:10 | INFO     | - | watchfiles.main:_log_changes:308 | 3 changes detected
2025-12-11 23:36:30 | INFO     | - | watchfiles.main:_log_changes:308 | 3 changes detected
2025-12-11 23:37:45 | INFO     | - | watchfiles.main:_log_changes:308 | 1 change detected
2025-12-11 23:37:45 | INFO     | - | src.app:lifespan:18 | Application shutting down...
2025-12-11 23:37:45 | INFO     | - | watchfiles.main:_log_changes:308 | 1 change detected
2025-12-11 23:38:01 | INFO     | - | watchfiles.main:_log_changes:308 | 1 change detected
2025-12-11 23:38:01 | INFO     | - | src.app:lifespan:18 | Application shutting down...
2025-12-11 23:38:01 | INFO     | - | watchfiles.main:_log_changes:308 | 2 changes detected
2025-12-11 23:39:00 | INFO     | - | watchfiles.main:_log_changes:308 | 1 change detected
2025-12-11 23:39:00 | INFO     | - | src.app:lifespan:18 | Application shutting down...
2025-12-11 23:39:00 | INFO     | - | watchfiles.main:_log_changes:308 | 1 change detected
2025-12-11 23:39:01 | INFO     | - | watchfiles.main:_log_changes:308 | 3 changes detected
2025-12-11 23:40:26 | INFO     | - | watchfiles.main:_log_changes:308 | 3 changes detected
2025-12-11 23:40:33 | INFO     | - | watchfiles.main:_log_changes:308 | 1 change detected
2025-12-11 23:40:34 | INFO     | - | watchfiles.main:_log_changes:308 | 1 change detected
2025-12-11 23:40:35 | INFO     | - | watchfiles.main:_log_changes:308 | 1 change detected
2025-12-11 23:40:40 | INFO     | - | watchfiles.main:_log_changes:308 | 1 change detected
2025-12-11 23:41:12 | INFO     | - | watchfiles.main:_log_changes:308 | 1 change detected
2025-12-11 23:41:47 | INFO     | - | watchfiles.main:_log_changes:308 | 1 change detected
2025-12-11 23:41:47 | INFO     | - | watchfiles.main:_log_changes:308 | 1 change detected
2025-12-11 23:43:26 | INFO     | - | watchfiles.main:_log_changes:308 | 3 changes detected
2025-12-11 23:43:47 | INFO     | - | watchfiles.main:_log_changes:308 | 1 change detected
2025-12-11 23:43:47 | INFO     | - | watchfiles.main:_log_changes:308 | 1 change detected
2025-12-11 23:44:53 | INFO     | - | watchfiles.main:_log_changes:308 | 1 change detected
2025-12-11 23:44:54 | INFO     | - | watchfiles.main:_log_changes:308 | 3 changes detected
2025-12-11 23:45:22 | INFO     | - | watchfiles.main:_log_changes:308 | 1 change detected
2025-12-11 23:45:23 | INFO     | - | watchfiles.main:_log_changes:308 | 3 changes detected
2025-12-11 23:45:29 | INFO     | - | watchfiles.main:_log_changes:308 | 1 change detected
2025-12-11 23:45:30 | INFO     | - | watchfiles.main:_log_changes:308 | 1 change detected
2025-12-11 23:45:30 | INFO     | - | watchfiles.main:_log_changes:308 | 3 changes detected
2025-12-11 23:45:45 | INFO     | - | watchfiles.main:_log_changes:308 | 1 change detected
2025-12-11 23:45:45 | INFO     | - | watchfiles.main:_log_changes:308 | 1 change detected
2025-12-11 23:45:46 | INFO     | - | watchfiles.main:_log_changes:308 | 3 changes detected
2025-12-11 23:45:55 | INFO     | - | watchfiles.main:_log_changes:308 | 1 change detected
2025-12-11 23:45:55 | INFO     | - | watchfiles.main:_log_changes:308 | 1 change detected
2025-12-11 23:45:56 | INFO     | - | watchfiles.main:_log_changes:308 | 3 changes detected
2025-12-11 23:46:17 | INFO     | - | watchfiles.main:_log_changes:308 | 1 change detected
2025-12-11 23:46:23 | INFO     | - | watchfiles.main:_log_changes:308 | 1 change detected
2025-12-11 23:46:26 | INFO     | - | watchfiles.main:_log_changes:308 | 3 changes detected
2025-12-11 23:46:28 | INFO     | - | watchfiles.main:_log_changes:308 | 1 change detected
2025-12-11 23:46:29 | INFO     | - | watchfiles.main:_log_changes:308 | 1 change detected
2025-12-11 23:46:45 | INFO     | - | watchfiles.main:_log_changes:308 | 1 change detected
2025-12-11 23:46:45 | INFO     | - | watchfiles.main:_log_changes:308 | 1 change detected
2025-12-11 23:48:03 | INFO     | - | watchfiles.main:_log_changes:308 | 1 change detected
2025-12-11 23:48:03 | INFO     | - | watchfiles.main:_log_changes:308 | 4 changes detected
2025-12-11 23:48:04 | INFO     | - | watchfiles.main:_log_changes:308 | 1 change detected
2025-12-11 23:48:04 | INFO     | - | watchfiles.main:_log_changes:308 | 4 changes detected
2025-12-12 00:09:57 | INFO     | - | watchfiles.main:_log_changes:308 | 3 changes detected
